// Jest Snapshot v1, https://goo.gl/fbAQLP

exports[`should render SearchEngineSelector correctly 1`] = `
<div>
  <select
    id="search-engine-selector"
    name="search-engine"
    onChange={[Function]}
  >
    <option
      value=""
    >
      --Please choose an option--
    </option>
    <option
      value="Bing"
    >
      Bing
    </option>
    <option
      value="Google"
    >
      Google
    </option>
    <option
      value="Both"
    >
      Both
    </option>
  </select>
</div>
`;
